// Jest Snapshot v1, https://goo.gl/fbAQLP

exports[`counter component debe de hacer match con snapshot 1`] = `
<h2>Counter</h2>
<p>100 <sup>2</sup> = 10000</p>
<div><button>+1</button><button>-2</button></div>
`;
