// Jest Snapshot v1, https://goo.gl/fbAQLP

exports[`pruebas en navbar componente debe de mostrar el componente correctamente 1`] = `
<nav class="navbar bg-primary"><a href="navbar-brand"><img alt="logo" class="d-inline-block align-text-top mx-2" height="24"><span class="text-white">test</span></a>
  <div class="d-flex"><button class="btn btn-outline-info mx-2"><i class="fa fa-sign-out-alt"></i></button></div>
</nav>
`;
