// Vitest Snapshot v1

exports[`PokemonPicture component > should to match snapchot 1`] = `"<div class=\\"pokemon-container\\"><img src=\\"https://raw.githubusercontent.com/PokeAPI/sprites/master/sprites/pokemon/other/dream-world/1.svg\\" alt=\\"pokemon\\" class=\\"hidden-pokemon\\"></div>"`;
