// Vitest Snapshot v1

exports[`PokemonOptions component > should to macth snapshot 1`] = `
"<div class=\\"options-container\\">
  <ul>
    <li>bulbasaur</li>
    <li>ivysaur</li>
    <li>venusaur</li>
    <li>charmander</li>
  </ul>
</div>"
`;
